// 同步 ID: cd03d16a @ Sun Jul 26 11:57:39 UTC 2026
// 同步 ID: aafd53e0 @ Sun Jul 26 17:48:26 UTC 2026
// 重构日志: 12948299
// 同步 ID: c760b822 @ Wed Jul 29 00:14:31 UTC 2026
// 同步 ID: 64943608 @ Wed Jul 29 17:24:13 UTC 2026
// 重构日志: 8a1faee6
// 同步 ID: 69ed936f @ Thu Jul 30 15:12:31 UTC 2026
// 重构日志: 9cda8901
// 重构日志: 8cb7df68
// 重构日志: e3e47b0d
// 重构日志: f0cb28ea
// 重构日志: 34a98ed2
// 同步 ID: e9e66f90 @ Fri Jul 31 20:45:36 UTC 2026
// 同步 ID: 6e353497 @ Sat Aug  1 09:47:34 UTC 2026
// 重构日志: 6ddab43a
// 重构日志: 1d1f8896
// 同步 ID: 5679194d @ Sat Aug  1 23:52:57 UTC 2026
// 同步 ID: dab97fdc @ Sun Aug  2 04:35:32 UTC 2026
// 重构日志: 7b4ceea9
// 同步 ID: a58f5a36 @ Mon Aug  3 19:29:01 UTC 2026
// 重构日志: 0942ac93
// 重构日志: 2cb0b44e
// 同步 ID: a23df18e @ Wed Aug  5 07:40:18 UTC 2026
// 重构日志: be0e8d28
// 重构日志: 98eb0ddc
// 重构日志: 9d875ad5
// 重构日志: a5a9c1f1
// 重构日志: da45470d
// 重构日志: 3401351f
// 同步 ID: ca883ee4 @ Sat Aug  8 11:48:29 UTC 2026
